// Jest Snapshot v1, https://goo.gl/fbAQLP

exports[`ErrorComponent renders correctly 1`] = `
<div
  className="error"
>
  Something went wrong. Please try again later.
</div>
`;
